Hill-frame HNN training
  Data   : C:\Users\mihir\Exomoon Orbital Integrator\Exomoon_orbital_integrator\src\ml_dataset.parquet
  Out    : C:\Users\mihir\Exomoon Orbital Integrator\Exomoon_orbital_integrator\src\models_hnn_hill_hinge2
  Device : cpu
  Config : hidden=256  layers=3  epochs=50  batch=256  lr=0.0001

Loading and preprocessing data …
  Train: 599,298 rows  Val: 149,016 rows  (6.3s)
  Scaler saved.

Model: HNN_Hill  params=134,401
  Warm-start weights loaded from C:\Users\mihir\Exomoon Orbital Integrator\Exomoon_orbital_integrator\src\models_hnn_hill_hinge\hnn_hill_model.pt

  Epoch   1/50  train=0.82707  val=0.78749  lr=1.00e-04  elapsed=26s
    * New best saved (val=0.78749)
  Epoch   2/50  train=0.69334  val=0.70302  lr=1.00e-04  elapsed=53s
    * New best saved (val=0.70302)
  Epoch   3/50  train=0.64123  val=0.68018  lr=1.00e-04  elapsed=82s
    * New best saved (val=0.68018)
  Epoch   4/50  train=0.60751  val=0.63790  lr=1.00e-04  elapsed=121s
    * New best saved (val=0.63790)
  Epoch   5/50  train=0.59073  val=0.61452  lr=1.00e-04  elapsed=157s
    * New best saved (val=0.61452)
  Epoch   6/50  train=0.57753  val=0.60755  lr=1.00e-04  elapsed=193s
    * New best saved (val=0.60755)
  Epoch   7/50  train=0.54481  val=0.58207  lr=1.00e-04  elapsed=228s
    * New best saved (val=0.58207)
  Epoch   8/50  train=0.53817  val=0.58649  lr=1.00e-04  elapsed=263s
  Epoch   9/50  train=0.53101  val=0.56248  lr=1.00e-04  elapsed=299s
    * New best saved (val=0.56248)
  Epoch  10/50  train=0.51393  val=0.60121  lr=1.00e-04  elapsed=334s
  Epoch  11/50  train=0.51014  val=0.63498  lr=1.00e-04  elapsed=368s
  Epoch  12/50  train=0.50509  val=0.53196  lr=1.00e-04  elapsed=400s
    * New best saved (val=0.53196)
  Epoch  13/50  train=0.48533  val=0.53996  lr=1.00e-04  elapsed=435s
  Epoch  14/50  train=0.48279  val=0.53159  lr=1.00e-04  elapsed=469s
    * New best saved (val=0.53159)
  Epoch  15/50  train=0.48806  val=0.54374  lr=1.00e-04  elapsed=511s
  Epoch  16/50  train=0.46985  val=0.50727  lr=1.00e-04  elapsed=550s
    * New best saved (val=0.50727)
  Epoch  17/50  train=0.47197  val=0.58446  lr=1.00e-04  elapsed=586s
  Epoch  18/50  train=0.46194  val=0.61885  lr=1.00e-04  elapsed=625s
  Epoch  19/50  train=0.45073  val=0.56680  lr=1.00e-04  elapsed=660s
  Epoch  20/50  train=0.46034  val=0.51391  lr=1.00e-04  elapsed=695s
  Epoch  21/50  train=0.44163  val=0.47983  lr=1.00e-04  elapsed=728s
    * New best saved (val=0.47983)
  Epoch  22/50  train=0.44289  val=0.50517  lr=1.00e-04  elapsed=762s
  Epoch  23/50  train=0.43358  val=0.49386  lr=1.00e-04  elapsed=796s
  Epoch  24/50  train=0.43230  val=0.51157  lr=1.00e-04  elapsed=830s
  Epoch  25/50  train=0.43790  val=0.57160  lr=1.00e-04  elapsed=863s
  Epoch  26/50  train=0.42468  val=0.47667  lr=1.00e-04  elapsed=896s
    * New best saved (val=0.47667)
  Epoch  27/50  train=0.42408  val=0.53174  lr=1.00e-04  elapsed=930s
  Epoch  28/50  train=0.42261  val=0.53448  lr=1.00e-04  elapsed=965s
  Epoch  29/50  train=0.42885  val=0.50618  lr=1.00e-04  elapsed=999s
  Epoch  30/50  train=0.42679  val=0.57157  lr=1.00e-04  elapsed=1034s
  Epoch  31/50  train=0.41422  val=0.49064  lr=1.00e-04  elapsed=1066s
  Epoch  32/50  train=0.42615  val=0.53776  lr=1.00e-04  elapsed=1101s
  Epoch  33/50  train=0.41596  val=0.56704  lr=1.00e-04  elapsed=1140s
  Epoch  34/50  train=0.40199  val=0.46394  lr=1.00e-04  elapsed=1171s
    * New best saved (val=0.46394)
  Epoch  35/50  train=0.41422  val=0.55120  lr=1.00e-04  elapsed=1203s
  Epoch  36/50  train=0.40355  val=0.56846  lr=1.00e-04  elapsed=1237s
  Epoch  37/50  train=0.39792  val=0.52348  lr=1.00e-04  elapsed=1272s
  Epoch  38/50  train=0.39694  val=0.58543  lr=1.00e-04  elapsed=1309s
  Epoch  39/50  train=0.39274  val=0.62599  lr=1.00e-04  elapsed=1345s
  Epoch  40/50  train=0.39155  val=0.50363  lr=1.00e-04  elapsed=1383s
  Epoch  41/50  train=0.38744  val=0.46417  lr=1.00e-04  elapsed=1420s
  Epoch  42/50  train=0.39079  val=0.47452  lr=1.00e-04  elapsed=1456s
  Epoch  43/50  train=0.35023  val=0.44292  lr=5.00e-05  elapsed=1490s
    * New best saved (val=0.44292)
  Epoch  44/50  train=0.33703  val=0.47710  lr=5.00e-05  elapsed=1526s
  Epoch  45/50  train=0.33670  val=0.50529  lr=5.00e-05  elapsed=1566s
  Epoch  46/50  train=0.33551  val=0.61547  lr=5.00e-05  elapsed=1612s
  Epoch  47/50  train=0.33444  val=0.54669  lr=5.00e-05  elapsed=1651s
  Epoch  48/50  train=0.32977  val=0.45871  lr=5.00e-05  elapsed=1695s
  Epoch  49/50  train=0.33110  val=0.50903  lr=5.00e-05  elapsed=1742s
  Epoch  50/50  train=0.32689  val=0.41507  lr=5.00e-05  elapsed=1780s
    * New best saved (val=0.41507)

Done.  best_val_loss=0.41507  total=1780s
Artifacts in: C:\Users\mihir\Exomoon Orbital Integrator\Exomoon_orbital_integrator\src\models_hnn_hill_hinge2
